// Jest Snapshot v1, https://goo.gl/fbAQLP

exports[`GalleryModal (ListHeader) matches snapshot 1`] = `
<View
  style={
    Object {
      "alignItems": "center",
      "backgroundColor": "#fffafb",
      "borderRadius": 14,
      "flexDirection": "row",
      "justifyContent": "space-between",
      "paddingLeft": 14,
      "paddingRight": 11.5,
      "paddingVertical": 7,
    }
  }
>
  <Text
    style={
      Object {
        "color": "#2b2c2c",
        "fontSize": 21,
        "fontWeight": "900",
        "paddingVertical": 14,
      }
    }
  >
    More 
    retrievers
  </Text>
  <View
    style={
      Object {
        "flexDirection": "row",
      }
    }
  >
    <View
      accessible={true}
      collapsable={false}
      focusable={true}
      onClick={[Function]}
      onResponderGrant={[Function]}
      onResponderMove={[Function]}
      onResponderRelease={[Function]}
      onResponderTerminate={[Function]}
      onResponderTerminationRequest={[Function]}
      onStartShouldSetResponder={[Function]}
      style={
        Object {
          "opacity": 1,
        }
      }
      testID="DefaultButton_TouchableOpacity"
    >
      <View
        style={
          Object {
            "backgroundColor": "#ededed",
            "borderRadius": 7,
            "margin": 3.5,
            "padding": 10,
          }
        }
        testID="DefaultButton_View"
      >
        <View
          style={
            Object {
              "overflow": "hidden",
            }
          }
        >
          <View
            testID="ListHeader_Icon"
          >
            <View
              style={
                Object {
                  "alignItems": "center",
                  "backgroundColor": "transparent",
                  "justifyContent": "center",
                }
              }
            >
              <Text
                allowFontScaling={false}
                selectable={false}
                style={
                  Array [
                    Object {
                      "color": "#2BD9A5",
                      "fontSize": 18,
                    },
                    Object {
                      "backgroundColor": "transparent",
                    },
                    Object {
                      "fontFamily": "Ionicons",
                      "fontStyle": "normal",
                      "fontWeight": "normal",
                    },
                    Object {},
                  ]
                }
                testID="iconIcon"
              >
                
              </Text>
            </View>
          </View>
        </View>
      </View>
    </View>
    <View
      accessible={true}
      collapsable={false}
      focusable={true}
      onClick={[Function]}
      onResponderGrant={[Function]}
      onResponderMove={[Function]}
      onResponderRelease={[Function]}
      onResponderTerminate={[Function]}
      onResponderTerminationRequest={[Function]}
      onStartShouldSetResponder={[Function]}
      style={
        Object {
          "opacity": 1,
        }
      }
      testID="DefaultButton_TouchableOpacity"
    >
      <View
        style={
          Object {
            "backgroundColor": "#2BD9A5",
            "borderRadius": 7,
            "margin": 3.5,
            "padding": 10,
          }
        }
        testID="DefaultButton_View"
      >
        <View
          style={
            Object {
              "overflow": "hidden",
            }
          }
        >
          <View>
            <View
              style={
                Object {
                  "alignItems": "center",
                  "backgroundColor": "transparent",
                  "justifyContent": "center",
                }
              }
            >
              <Text
                allowFontScaling={false}
                selectable={false}
                style={
                  Array [
                    Object {
                      "color": "#fffafb",
                      "fontSize": 18,
                    },
                    Object {
                      "backgroundColor": "transparent",
                    },
                    Object {
                      "fontFamily": "Ionicons",
                      "fontStyle": "normal",
                      "fontWeight": "normal",
                    },
                    Object {},
                  ]
                }
                testID="iconIcon"
              >
                
              </Text>
            </View>
          </View>
        </View>
      </View>
    </View>
  </View>
</View>
`;
