// Jest Snapshot v1, https://goo.gl/fbAQLP

exports[`GalleryModal (SeeMore) matches snapshot 1`] = `
<View
  style={
    Object {
      "alignItems": "center",
      "justifyContent": "center",
      "marginTop": 49,
    }
  }
>
  <View
    accessible={true}
    collapsable={false}
    focusable={true}
    onClick={[Function]}
    onResponderGrant={[Function]}
    onResponderMove={[Function]}
    onResponderRelease={[Function]}
    onResponderTerminate={[Function]}
    onResponderTerminationRequest={[Function]}
    onStartShouldSetResponder={[Function]}
    style={
      Object {
        "opacity": 1,
      }
    }
    testID="DefaultButton_TouchableOpacity"
  >
    <View
      style={
        Object {
          "backgroundColor": "#2BD9A5",
          "borderRadius": 7,
          "margin": 3.5,
          "padding": 10,
        }
      }
      testID="DefaultButton_View"
    >
      <Text
        style={
          Object {
            "color": "#fffafb",
            "fontSize": 14,
            "fontWeight": "500",
          }
        }
      >
        See more
      </Text>
    </View>
  </View>
</View>
`;
